== FastPrompter clipboard interop probe (T-1269 A4) ==
platform            : win32
python              : 3.11.9
native sequence API : available
clipboard owner     : owner            t=6006.125 seq=4527 owner=UNKNOWN pid=None self=None status=no_owner
clipboard processes :
    pid=4364     pythonw.exe            script host (UNIDENTIFIED)
    pid=8620     clipdiary-portable.exe identified
    pid=9340     pythonw.exe            script host (UNIDENTIFIED)
    pid=11024    pythonw.exe            script host (UNIDENTIFIED)
    pid=6896     pythonw.exe            script host (UNIDENTIFIED)
    pid=3236     pythonw.exe            script host (UNIDENTIFIED)
    pid=22296    python.exe             script host (UNIDENTIFIED)
    pid=21384    python.exe             script host (UNIDENTIFIED)
    pid=19980    python.exe             script host (UNIDENTIFIED)
    pid=22080    python.exe             script host (UNIDENTIFIED)
NOTE: a custom clipboard+ script shares pythonw.exe, so its name cannot be resolved; the OWNER reading during a live conflict is the only authoritative attribution.

before_copy      t=6006.171 seq=4527 owner=UNKNOWN pid=None self=None status=no_owner
after_copy       t=6006.171 seq=4534 owner=python.exe pid=22080 self=True status=ok
sentinel            : {'digest': '91993512459e', 'length': 25}
generation moved after our own copy : False
competing owners                    : UNKNOWN
payload replaced (digest differs)   : False
external_recapture                  : False
race evidence (shared classifier)   : unknown sequences={'after_copy': 4534}
