============================= test session starts =============================
platform win32 -- Python 3.11.9, pytest-8.4.2, pluggy-1.6.0
PyQt6 6.11.0 -- Qt runtime 6.11.1 -- Qt compiled 6.11.0
rootdir: V:\___VAC\__K\__CODE\_PY\_FastPrompter
configfile: pyproject.toml
plugins: anyio-4.12.1, langsmith-0.8.17, asyncio-1.4.0, cov-7.1.0, docker-3.2.5, mock-3.15.1, qt-4.5.0, timeout-2.4.0
asyncio: mode=Mode.STRICT, debug=False, asyncio_default_fixture_loop_scope=None, asyncio_default_test_loop_scope=function
timeout: 180.0s
timeout method: thread
timeout func_only: False
collected 3176 items

tests\test_ambience_engine.py ..................                         [  0%]
tests\test_ambience_playback_path.py ............                        [  0%]
tests\test_ambience_runtime.py ..............................            [  1%]
tests\test_appearance_sounds_t1245.py ................                   [  2%]
tests\test_audio_backend_contract.py ..............                      [  2%]
tests\test_audio_cache_race.py ......                                    [  3%]
tests\test_audio_engine_settings.py ..........                           [  3%]
tests\test_audio_hub_integration.py .................................... [  4%]
                                                                         [  4%]
tests\test_audio_hub_playback.py ..........................              [  5%]
tests\test_audio_packaging.py ....................                       [  5%]
tests\test_audio_pcm_transport.py ...............................        [  6%]
tests\test_audio_render.py .......................                       [  7%]
tests\test_audio_render_defaults.py ...........                          [  7%]
tests\test_audio_settings.py ....................                        [  8%]
tests\test_audio_silo_isolation.py .......                               [  8%]
tests\test_audio_source_invalidation.py .....                            [  8%]
tests\test_audio_temporal_fidelity.py .........                          [  9%]
tests\test_audit_core_tickets.py ...                                     [  9%]
tests\test_audit_overflow.py ......                                      [  9%]
tests\test_button_sound.py ......                                        [  9%]
tests\test_cat_numbox_shrink.py ..                                       [  9%]
tests\test_category_alias.py ......                                      [  9%]
tests\test_cheatsheet_drift.py ...                                       [ 10%]
tests\test_checkbox_painting.py .....                                    [ 10%]
tests\test_clickable_links.py .......................................... [ 11%]
........                                                                 [ 11%]
tests\test_close_save_contract.py .                                      [ 11%]
tests\test_color_reset.py .                                              [ 11%]
tests\test_config.py ..............                                      [ 12%]
tests\test_core001_productivity_alarm.py .......                         [ 12%]
tests\test_core001_trash.py ....                                         [ 12%]
tests\test_core002_retirement_journal.py ..                              [ 12%]
tests\test_core002_volume_slider.py ....                                 [ 12%]
tests\test_core003_find_sound_index.py ......                            [ 13%]
tests\test_core004_reset_layout.py ..                                    [ 13%]
tests\test_core005_missing_sound_ref.py .....                            [ 13%]
tests\test_cursor_theme.py ...............                               [ 13%]
tests\test_db_durability.py ........                                     [ 13%]
tests\test_debug.py .                                                    [ 14%]
tests\test_duration.py .........................                         [ 14%]
tests\test_editor_delete_sounds.py .............                         [ 15%]
tests\test_editor_document_cache.py ..                                   [ 15%]
tests\test_editor_pinned_selection.py ......                             [ 15%]
tests\test_editor_snapshot_sentinel.py .......................           [ 16%]
tests\test_fancy_zones_ui_state.py ...................                   [ 16%]
tests\test_fastprompter_night_upgrade.py F.............                  [ 17%]
tests\test_files_hotkey.py ..........                                    [ 17%]
tests\test_flow_layout_columns.py .................................      [ 18%]
tests\test_fonts.py ........                                             [ 18%]
tests\test_formatting_mixin.py ......................................... [ 20%]
.............                                                            [ 20%]
tests\test_freebuff_compact_prices.py ..............................     [ 21%]
tests\test_freebuff_wallet_visibility.py .............................   [ 22%]
tests\test_hashtags.py .......................                           [ 23%]
tests\test_hotkey_filter.py ...............................              [ 24%]
tests\test_hotkey_migration.py .....                                     [ 24%]
tests\test_hotkeys.py .........................                          [ 25%]
tests\test_i18n_key_inventory.py ....                                    [ 25%]
tests\test_instance_lock.py ..................s                          [ 25%]
tests\test_ipc_grace.py .....                                            [ 25%]
tests\test_ipc_server.py ............................                    [ 26%]
tests\test_language_roundtrip.py ...............                         [ 27%]
tests\test_launcher_reliability.py ....                                  [ 27%]
tests\test_lazy_settings_guards.py .                                     [ 27%]
tests\test_limit_account_order.py .......                                [ 27%]
tests\test_limit_alert_copy.py .........                                 [ 27%]
tests\test_limit_hover_card.py ..........................                [ 28%]
tests\test_limit_hover_card_bounds.py ............                       [ 29%]
tests\test_limit_hover_card_geometry.py ........                         [ 29%]
tests\test_limit_overview.py ..........................                  [ 30%]
tests\test_limits.py ................                                    [ 30%]
tests\test_line_drag_autoscroll.py ...............                       [ 31%]
tests\test_line_mark_toggle.py ..................                        [ 31%]
tests\test_locked_window_geometry.py ..                                  [ 31%]
tests\test_logging.py ......................                             [ 32%]
tests\test_main.py ...............................                       [ 33%]
tests\test_markdown_highlighter.py ....................................  [ 34%]
tests\test_markdown_highlighter_wave.py ...............                  [ 35%]
tests\test_master_mute_concurrency_t1244.py ....                         [ 35%]
tests\test_master_mute_facade_t1244.py .........................         [ 35%]
tests\test_master_mute_i18n_t1244.py ........                            [ 36%]
tests\test_master_mute_profile_t1244.py ...                              [ 36%]
tests\test_master_mute_t1244.py ..............                           [ 36%]
tests\test_missed_attention.py .......                                   [ 36%]
tests\test_mt9141_audit.py ............                                  [ 37%]
tests\test_new_empty_silos.py ..F.............                           [ 37%]
tests\test_new_silo_defaults.py .....................                    [ 38%]
tests\test_notification_audio_ownership_t1256.py ....                    [ 38%]
tests\test_owner_mismatch_artifact.py ......                             [ 38%]
tests\test_path_safety.py .............................................. [ 40%]
.................................                                        [ 41%]
tests\test_paths.py ..............................                       [ 42%]
tests\test_perf001_noop_save.py ....                                     [ 42%]
tests\test_perf002_sound_inventory.py ..                                 [ 42%]
tests\test_perf003_active_tab_refresh.py .....                           [ 42%]
tests\test_perf004_hidden_date_gate.py .....                             [ 42%]
tests\test_perf005_scaled_cache.py ..F.                                  [ 42%]
tests\test_perf006_folder_cache_bounds.py ....                           [ 43%]
tests\test_performance.py .                                              [ 43%]
tests\test_performance_tickets.py .......                                [ 43%]
tests\test_pie_menu.py ..................                                [ 43%]
tests\test_pomodoro.py .........................                         [ 44%]
tests\test_portable_backup.py .................                          [ 45%]
tests\test_portable_backup_publish.py ....                               [ 45%]
tests\test_problip_audio_fidelity.py ............                        [ 45%]
tests\test_problip_controller.py ..................                      [ 46%]
tests\test_problip_core.py ...........                                   [ 46%]
tests\test_problip_custom_sounds.py ..................                   [ 47%]
tests\test_problip_hub_integration.py .....                              [ 47%]
tests\test_problip_repeated_real_audio.py ....s                          [ 47%]
tests\test_problip_settings.py ........................                  [ 48%]
tests\test_problip_stats.py ..........                                   [ 48%]
tests\test_problip_store.py .........                                    [ 48%]
tests\test_problip_transport_source_identity.py ..........               [ 49%]
tests\test_profile_switch_atomic.py ...                                  [ 49%]
tests\test_project_sync.py ..............................                [ 50%]
tests\test_release_safety.py .                                           [ 50%]
tests\test_release_version.py .....                                      [ 50%]
tests\test_reset_queue_hover.py ...............                          [ 50%]
tests\test_restore.py .........................                          [ 51%]
tests\test_resync_keys.py ....                                           [ 51%]
tests\test_save_contract.py ......                                       [ 51%]
tests\test_scaling_mixin.py ......................................       [ 53%]
tests\test_search_archive_editing.py ............................        [ 54%]
tests\test_search_mixin.py ....................                          [ 54%]
tests\test_second_wave.py ..............                                 [ 55%]
tests\test_second_wave_core003.py ....                                   [ 55%]
tests\test_second_wave_tickets.py .........                              [ 55%]
tests\test_set_default_from_current.py ...                               [ 55%]
tests\test_settings_tab_sound.py .....                                   [ 55%]
tests\test_settings_ux.py ..........                                     [ 56%]
tests\test_shutdown_ownership.py .F..                                    [ 56%]
tests\test_silo_color_gesture.py ..............                          [ 56%]
tests\test_silo_export.py .......                                        [ 56%]
tests\test_silo_home.py .                                                [ 56%]
tests\test_silo_kanban.py ...........                                    [ 57%]
tests\test_silo_lineage.py .............                                 [ 57%]
tests\test_silo_presets.py .....                                         [ 57%]
tests\test_silo_selection_persist.py ..............                      [ 58%]
tests\test_silo_slug.py ..                                               [ 58%]
tests\test_silo_table.py ...............                                 [ 58%]
tests\test_sound_auto_level.py ..................                        [ 59%]
tests\test_sound_event_icons.py ..............                           [ 59%]
tests\test_sound_manager.py ............................................ [ 61%]
.......................................                                  [ 62%]
tests\test_sound_manager_hub_facade.py ....                              [ 62%]
tests\test_sound_presets.py ....................                         [ 63%]
tests\test_sound_real_preview_contract.py ...........................    [ 64%]
tests\test_sound_ref_integrity.py ..............................         [ 64%]
tests\test_sound_relative_gain.py .............................          [ 65%]
tests\test_sound_settings_stop_all_t1244.py ....                         [ 65%]
tests\test_sound_vault.py ............                                   [ 66%]
tests\test_startup_backup.py ........                                    [ 66%]
tests\test_startup_lazy_ui.py .......                                    [ 66%]
tests\test_state.py .................................................... [ 68%]
..............                                                           [ 68%]
tests\test_state_codec.py .....................                          [ 69%]
tests\test_state_codec_sync_map.py ...........                           [ 69%]
tests\test_state_failures.py ................                            [ 70%]
tests\test_state_migration.py ..................                         [ 71%]
tests\test_static_cursor.py .......                                      [ 71%]
tests\test_suite_exit_contract.py FFF.s.                                 [ 71%]
tests\test_t1224_middle_button.py .....                                  [ 71%]
tests\test_t1227_silo_integrity.py ......F......                         [ 71%]
tests\test_t1228_notification_audio.py ........                          [ 72%]
tests\test_theme_catalog.py .......................                      [ 72%]
tests\test_themes.py ................................                    [ 73%]
tests\test_themes_headers.py .....                                       [ 74%]
tests\test_timer_dialog_wave.py .....................................F.. [ 75%]
..                                                                       [ 75%]
tests\test_timer_fire.py .............