============================= test session starts =============================
platform win32 -- Python 3.11.9, pytest-9.1.1, pluggy-1.6.0 -- V:\___VAC\__K\__CODE\_PY\_FastPrompter\.venv\Scripts\python.exe
cachedir: .pytest_cache
rootdir: V:\___VAC\__K\__CODE\_PY\_FastPrompter
configfile: pyproject.toml
plugins: timeout-2.4.0
timeout: 180.0s
timeout method: thread
timeout func_only: False
collecting ... collected 959 items

tests_smoke/test_altw_upward.py::test_the_template_is_the_downward_one_turned_around PASSED [  0%]
tests_smoke/test_altw_upward.py::test_the_point_lands_above_the_existing_text PASSED [  0%]
tests_smoke/test_altw_upward.py::test_the_existing_text_is_never_overwritten PASSED [  0%]
tests_smoke/test_altw_upward.py::test_preview_matches_the_editor_defaults[s1] PASSED [  0%]
tests_smoke/test_altw_upward.py::test_preview_matches_the_editor_defaults[s2] PASSED [  0%]
tests_smoke/test_altw_upward.py::test_preview_matches_the_editor_defaults[s3] PASSED [  0%]
tests_smoke/test_altw_upward.py::test_preview_matches_the_editor_defaults[s4] PASSED [  0%]
tests_smoke/test_altw_upward.py::test_preview_matches_the_editor_defaults[s5] PASSED [  0%]
tests_smoke/test_altw_upward.py::test_preview_follows_changed_spacing[s1] PASSED [  0%]
tests_smoke/test_altw_upward.py::test_preview_follows_changed_spacing[s2] PASSED [  1%]
tests_smoke/test_altw_upward.py::test_preview_follows_changed_spacing[s3] PASSED [  1%]
tests_smoke/test_altw_upward.py::test_preview_follows_changed_spacing[s4] PASSED [  1%]
tests_smoke/test_altw_upward.py::test_preview_follows_changed_spacing[s5] PASSED [  1%]
tests_smoke/test_altw_upward.py::test_alt_w_does_not_read_ctrl_w_settings PASSED [  1%]
tests_smoke/test_altw_upward.py::test_the_dialog_reads_and_writes_the_altw_keys PASSED [  1%]
tests_smoke/test_altw_upward.py::test_the_dialog_titles_say_which_direction PASSED [  1%]
tests_smoke/test_app_smoke.py::test_window_constructs_with_all_mixins PASSED [  1%]
tests_smoke/test_app_smoke.py::test_settings_properties_live PASSED      [  1%]
tests_smoke/test_app_smoke.py::test_theme_and_font_apply PASSED          [  1%]
tests_smoke/test_app_smoke.py::test_saved_font_size_survives_silo_document_switch PASSED [  2%]
tests_smoke/test_app_smoke.py::test_silo_switching_and_line_count_label PASSED [  2%]
tests_smoke/test_app_smoke.py::test_navigate_silo_keyboard PASSED        [  2%]
tests_smoke/test_app_smoke.py::test_pinned_silos_sort_first PASSED       [  2%]
tests_smoke/test_app_smoke.py::test_empty_silo_cap_at_five PASSED        [  2%]
tests_smoke/test_app_smoke.py::test_clear_on_empty_silo_deletes_slot PASSED [  2%]
tests_smoke/test_app_smoke.py::test_move_temp_to_index_remaps_state PASSED [  2%]
tests_smoke/test_app_smoke.py::test_archive_single_silo PASSED           [  2%]
tests_smoke/test_app_smoke.py::test_insert_divider_line_mid_text_split PASSED [  2%]
tests_smoke/test_app_smoke.py::test_insert_divider_line_and_toolbar_button_share_one_implementation PASSED [  3%]
tests_smoke/test_app_smoke.py::test_insert_add_line_marks_dirty PASSED   [  3%]
tests_smoke/test_app_smoke.py::test_auto_bullet_space_and_enter PASSED   [  3%]
tests_smoke/test_app_smoke.py::test_double_line_bullet_toggle PASSED     [  3%]
tests_smoke/test_app_smoke.py::test_double_line_setting_roundtrips_through_db PASSED [  3%]
tests_smoke/test_app_smoke.py::test_button_scale_persists_to_db PASSED   [  3%]
tests_smoke/test_app_smoke.py::test_silo_project_launcher_buttons_no_crash PASSED [  3%]
tests_smoke/test_app_smoke.py::test_silo_project_paths_survive_a_restart PASSED [  3%]
tests_smoke/test_app_smoke.py::test_button_scale_steps_are_distinct PASSED [  3%]
tests_smoke/test_app_smoke.py::test_middle_click_clear_is_undoable PASSED [  3%]
tests_smoke/test_app_smoke.py::test_delete_empty_silo_is_undoable PASSED [  4%]
tests_smoke/test_app_smoke.py::test_undo_delete_active_silo PASSED       [  4%]
tests_smoke/test_app_smoke.py::test_snapshot_carries_the_live_editor_text PASSED [  4%]
tests_smoke/test_app_smoke.py::test_gap_move_is_undoable PASSED          [  4%]
tests_smoke/test_app_smoke.py::test_rejected_gap_drag_leaves_no_undo_entry PASSED [  4%]
tests_smoke/test_app_smoke.py::test_undo_after_a_gap_move_does_not_eat_newer_text PASSED [  4%]
tests_smoke/test_app_smoke.py::test_interleaved_text_and_data_undo_redo_round_trip FAILED [  4%]

================================== FAILURES ===================================
_____________ test_interleaved_text_and_data_undo_redo_round_trip _____________
tests_smoke\test_app_smoke.py:676: in test_interleaved_text_and_data_undo_redo_round_trip
    assert (win.text_area.toPlainText(), list(win._silo_gaps_list())) == ("alpha", [])
E   AssertionError: assert ('alpha one', []) == ('alpha', [])
E     
E     At index 0 diff: 'alpha one' != 'alpha'
E     
E     Full diff:
E       (
E     -     'alpha',
E     +     'alpha one',...
E     
E     ...Full output truncated (3 lines hidden), use '-vv' to show
-------------------------- Captured stderr teardown ---------------------------
This plugin does not support raise()
This plugin does not support raise()
This plugin does not support raise()
This plugin does not support raise()
This plugin does not support raise()
This plugin does not support raise()
This plugin does not support raise()
This plugin does not support raise()
This plugin does not support raise()
This plugin does not support raise()
=========================== short test summary info ===========================
FAILED tests_smoke/test_app_smoke.py::test_interleaved_text_and_data_undo_redo_round_trip
!!!!!!!!!!!!!!!!!!!!!!!!!! stopping after 1 failures !!!!!!!!!!!!!!!!!!!!!!!!!!
======================== 1 failed, 44 passed in 20.20s ========================
