============================= test session starts =============================
platform win32 -- Python 3.11.9, pytest-9.1.1, pluggy-1.6.0 -- V:\___VAC\__K\__CODE\_PY\_FastPrompter\.venv\Scripts\python.exe
cachedir: .pytest_cache
rootdir: V:\___VAC\__K\__CODE\_PY\_FastPrompter
configfile: pyproject.toml
plugins: timeout-2.4.0
timeout: 180.0s
timeout method: thread
timeout func_only: False
collecting ... collected 131 items

tests_smoke/test_app_smoke.py::test_window_constructs_with_all_mixins PASSED [  0%]
tests_smoke/test_app_smoke.py::test_settings_properties_live PASSED      [  1%]
tests_smoke/test_app_smoke.py::test_theme_and_font_apply PASSED          [  2%]
tests_smoke/test_app_smoke.py::test_saved_font_size_survives_silo_document_switch PASSED [  3%]
tests_smoke/test_app_smoke.py::test_silo_switching_and_line_count_label PASSED [  3%]
tests_smoke/test_app_smoke.py::test_navigate_silo_keyboard PASSED        [  4%]
tests_smoke/test_app_smoke.py::test_pin_compacts_into_the_leading_zone PASSED [  5%]
tests_smoke/test_app_smoke.py::test_new_silo_creation_ceiling_and_no_blank_reuse PASSED [  6%]
tests_smoke/test_app_smoke.py::test_clear_on_empty_silo_deletes_slot PASSED [  6%]
tests_smoke/test_app_smoke.py::test_move_temp_to_index_remaps_state PASSED [  7%]
tests_smoke/test_app_smoke.py::test_archive_single_silo PASSED           [  8%]
tests_smoke/test_app_smoke.py::test_insert_divider_line_mid_text_split PASSED [  9%]
tests_smoke/test_app_smoke.py::test_insert_divider_line_and_toolbar_button_share_one_implementation PASSED [  9%]
tests_smoke/test_app_smoke.py::test_insert_add_line_marks_dirty PASSED   [ 10%]
tests_smoke/test_app_smoke.py::test_auto_bullet_space_and_enter PASSED   [ 11%]
tests_smoke/test_app_smoke.py::test_double_line_bullet_toggle PASSED     [ 12%]
tests_smoke/test_app_smoke.py::test_double_line_setting_roundtrips_through_db PASSED [ 12%]
tests_smoke/test_app_smoke.py::test_button_scale_persists_to_db PASSED   [ 13%]
tests_smoke/test_app_smoke.py::test_silo_project_launcher_buttons_no_crash PASSED [ 14%]
tests_smoke/test_app_smoke.py::test_silo_project_paths_survive_a_restart PASSED [ 15%]
tests_smoke/test_app_smoke.py::test_button_scale_steps_are_distinct PASSED [ 16%]
tests_smoke/test_app_smoke.py::test_middle_click_clear_is_undoable PASSED [ 16%]
tests_smoke/test_app_smoke.py::test_delete_empty_silo_is_undoable PASSED [ 17%]
tests_smoke/test_app_smoke.py::test_undo_delete_active_silo PASSED       [ 18%]
tests_smoke/test_app_smoke.py::test_snapshot_carries_the_live_editor_text PASSED [ 19%]
tests_smoke/test_app_smoke.py::test_gap_move_is_undoable PASSED          [ 19%]
tests_smoke/test_app_smoke.py::test_rejected_gap_drag_leaves_no_undo_entry PASSED [ 20%]
tests_smoke/test_app_smoke.py::test_undo_after_a_gap_move_does_not_eat_newer_text PASSED [ 21%]
tests_smoke/test_app_smoke.py::test_interleaved_text_and_data_undo_redo_round_trip PASSED [ 22%]
tests_smoke/test_app_smoke.py::test_formatting_hotkeys_keep_the_viewport_where_it_was PASSED [ 22%]
tests_smoke/test_app_smoke.py::test_noop_guard_looks_at_every_snapshot_key PASSED [ 23%]
tests_smoke/test_app_smoke.py::test_undo_clear_active_silo PASSED        [ 24%]
tests_smoke/test_app_smoke.py::test_undo_archive_active_silo PASSED      [ 25%]
tests_smoke/test_app_smoke.py::test_undo_after_typing_prefers_text_then_data PASSED [ 25%]
tests_smoke/test_app_smoke.py::test_undo_after_silo_switch_then_typing_undoes_the_typing_first PASSED [ 26%]
tests_smoke/test_app_smoke.py::test_undo_after_silo_switch_without_typing_undoes_the_switch PASSED [ 27%]
tests_smoke/test_app_smoke.py::test_undo_restores_pins_and_tints PASSED  [ 28%]
tests_smoke/test_app_smoke.py::test_redo_after_undo PASSED               [ 29%]
tests_smoke/test_app_smoke.py::test_undo_across_tabs_returns_and_restores PASSED [ 29%]
tests_smoke/test_app_smoke.py::test_undone_data_survives_tab_roundtrip_and_db_save PASSED [ 30%]
tests_smoke/test_app_smoke.py::test_pin_toggle_and_move_to_bottom_are_undoable PASSED [ 31%]
tests_smoke/test_app_smoke.py::test_undo_depth_multiple_operations PASSED [ 32%]
tests_smoke/test_app_smoke.py::test_all_settings_roundtrip_through_db PASSED [ 32%]
tests_smoke/test_app_smoke.py::test_trim_archive_keeps_backing_store_alias PASSED [ 33%]
tests_smoke/test_app_smoke.py::test_new_silo_at_top_shifts_pins PASSED   [ 34%]
tests_smoke/test_app_smoke.py::test_fuzz_random_operations_hold_invariants PASSED [ 35%]
tests_smoke/test_app_smoke.py::test_fuzz_snippets_and_archive_mode PASSED [ 35%]
tests_smoke/test_app_smoke.py::test_delete_category_is_undoable PASSED   [ 36%]
tests_smoke/test_app_smoke.py::test_rename_category_moves_every_registered_store PASSED [ 37%]
tests_smoke/test_app_smoke.py::test_delete_category_removes_every_registered_store PASSED [ 38%]
tests_smoke/test_app_smoke.py::test_every_slot_indexed_store_is_registered_for_remap PASSED [ 38%]
tests_smoke/test_app_smoke.py::test_fuzz_ui_surfaces PASSED              [ 39%]
tests_smoke/test_app_smoke.py::test_markdown_marker_toggles PASSED       [ 40%]
tests_smoke/test_app_smoke.py::test_ctrl_return_skips_empty_lines PASSED [ 41%]
tests_smoke/test_app_smoke.py::test_inline_timestamp_refresh_glyph PASSED [ 41%]
tests_smoke/test_app_smoke.py::test_code_fence_gutter_and_states PASSED  [ 42%]
tests_smoke/test_app_smoke.py::test_margin_marks_survive_code_highlighting PASSED [ 43%]
tests_smoke/test_app_smoke.py::test_bold_hash_titles_toggle PASSED       [ 44%]
tests_smoke/test_app_smoke.py::test_code_block_copy_button PASSED        [ 45%]
tests_smoke/test_app_smoke.py::test_file_container_slug_and_dirs PASSED  [ 45%]
tests_smoke/test_app_smoke.py::test_file_container_import_export_delete PASSED [ 46%]
tests_smoke/test_app_smoke.py::test_header_fits_quarter_fullhd_with_full_clock PASSED [ 47%]
tests_smoke/test_app_smoke.py::test_header_ultra_mode_fits_portrait_sliver PASSED [ 48%]
tests_smoke/test_app_smoke.py::test_drop_overlay_zones_and_routing PASSED [ 48%]
tests_smoke/test_app_smoke.py::test_trash_silo_writes_md_and_removes_slot PASSED [ 49%]
tests_smoke/test_app_smoke.py::test_delete_silo_is_offered_on_an_empty_silo_too PASSED [ 50%]
tests_smoke/test_app_smoke.py::test_hide_on_clickout_toggle_and_header_mirrors PASSED [ 51%]
tests_smoke/test_app_smoke.py::test_theme_switch_keeps_button_labels PASSED [ 51%]
tests_smoke/test_app_smoke.py::test_no_dotted_focus_rect_on_buttons PASSED [ 52%]
tests_smoke/test_app_smoke.py::test_header_format_editor PASSED          [ 53%]
tests_smoke/test_app_smoke.py::test_undo_delete_and_clear_restore_silo_files PASSED [ 54%]
tests_smoke/test_app_smoke.py::test_same_title_silos_get_separate_folders PASSED [ 54%]
tests_smoke/test_app_smoke.py::test_retitle_keeps_one_folder_per_silo PASSED [ 55%]
tests_smoke/test_app_smoke.py::test_move_silo_to_top_and_bottom_remap PASSED [ 56%]
tests_smoke/test_app_smoke.py::test_silo_hierarchy_nest_collapse_promote PASSED [ 57%]
tests_smoke/test_app_smoke.py::test_silo_tick_toggle_persists_and_remaps PASSED [ 58%]
tests_smoke/test_app_smoke.py::test_delete_silo_keeps_snippets_visible PASSED [ 58%]
tests_smoke/test_app_smoke.py::test_header_restamp_keeps_files_folder PASSED [ 59%]
tests_smoke/test_app_smoke.py::test_fold_code_blocks_and_headers PASSED  [ 60%]
tests_smoke/test_app_smoke.py::test_file_container_views_links_clipboard PASSED [ 61%]
tests_smoke/test_app_smoke.py::test_files_root_configurable_and_header_counter PASSED [ 61%]
tests_smoke/test_app_smoke.py::test_clear_silo_moves_files_to_trash_not_delete PASSED [ 62%]
tests_smoke/test_app_smoke.py::test_file_container_button_wired PASSED   [ 63%]
tests_smoke/test_app_smoke.py::test_snippets_visibility_is_remembered_per_project PASSED [ 64%]
tests_smoke/test_app_smoke.py::test_alt_click_collapses_a_parent_silo PASSED [ 64%]
tests_smoke/test_app_smoke.py::test_silo_drop_zone_follows_the_pointer PASSED [ 65%]
tests_smoke/test_app_smoke.py::test_silo_drag_help_names_explicit_nest_and_swap_gestures PASSED [ 66%]
tests_smoke/test_app_smoke.py::test_toolbar_drag_keeps_buttons_the_window_is_too_narrow_to_show PASSED [ 67%]
tests_smoke/test_app_smoke.py::test_hovering_a_silo_never_moves_its_title PASSED [ 67%]
tests_smoke/test_app_smoke.py::test_silo_color_box_toggle PASSED         [ 68%]
tests_smoke/test_app_smoke.py::test_all_source_files_compile PASSED      [ 69%]
tests_smoke/test_app_smoke.py::test_undo_size_cap_handles_list_snapshots PASSED [ 70%]
tests_smoke/test_app_smoke.py::test_sidebar_width_saved_per_side PASSED  [ 70%]
tests_smoke/test_app_smoke.py::test_editor_commands_have_balanced_edit_blocks PASSED [ 71%]
tests_smoke/test_app_smoke.py::test_bullet_and_clear_format_dont_freeze PASSED [ 72%]
tests_smoke/test_app_smoke.py::test_divider_commands_balanced_edit_blocks PASSED [ 73%]
tests_smoke/test_app_smoke.py::test_toolbar_reorder_persists_and_self_heals PASSED [ 74%]
tests_smoke/test_app_smoke.py::test_customize_toolbar_toggle PASSED      [ 74%]
tests_smoke/test_app_smoke.py::test_toolbar_button_can_move_back_across_gaps PASSED [ 75%]
tests_smoke/test_app_smoke.py::test_pinned_silo_shows_unpin_button_no_prefix PASSED [ 76%]
tests_smoke/test_app_smoke.py::test_ctrl_shift_click_toggles_tick_when_disabled PASSED [ 77%]
tests_smoke/test_app_smoke.py::test_line_numbers_toggle_wins_over_code PASSED [ 77%]
tests_smoke/test_app_smoke.py::test_header_line_number_button_fast_toggles PASSED [ 78%]
tests_smoke/test_app_smoke.py::test_open_file_container_actually_opens PASSED [ 79%]
tests_smoke/test_app_smoke.py::test_date_rectangle_formats_and_toggles PASSED [ 80%]
tests_smoke/test_app_smoke.py::test_trash_vision_snippet_schema_no_crash PASSED [ 80%]
tests_smoke/test_app_smoke.py::test_ampm_clock_toggle PASSED             [ 81%]
tests_smoke/test_app_smoke.py::test_divider_spacing_configurable PASSED  [ 82%]
tests_smoke/test_app_smoke.py::test_ctrl_e_header_timestamp PASSED       [ 83%]
tests_smoke/test_app_smoke.py::test_ctrl_e_on_a_bullet_makes_a_header_without_spawning_one PASSED [ 83%]
tests_smoke/test_app_smoke.py::test_ctrl_e_refreshes_stale_stamp_in_place PASSED [ 84%]
tests_smoke/test_app_smoke.py::test_transfer_to_snippet_target_category PASSED [ 85%]
tests_smoke/test_app_smoke.py::test_sounds_do_not_crash_and_fall_back PASSED [ 86%]
tests_smoke/test_app_smoke.py::test_zebra_and_line_numbers_paint PASSED  [ 87%]
tests_smoke/test_app_smoke.py::test_paging_clamped PASSED                [ 87%]
tests_smoke/test_app_smoke.py::test_mouse_wheel_pages_silos PASSED       [ 88%]
tests_smoke/test_app_smoke.py::test_ctrl_wheel_selects_silos PASSED      [ 89%]
tests_smoke/test_app_smoke.py::test_line_number_margin_marks_paint PASSED [ 90%]
tests_smoke/test_app_smoke.py::test_translation_pack_injected PASSED     [ 90%]
tests_smoke/test_app_smoke.py::test_view_combo_survives_language_switches PASSED [ 91%]
tests_smoke/test_app_smoke.py::test_language_selector_lists_all_and_switches PASSED [ 92%]
tests_smoke/test_app_smoke.py::test_no_cyrillic_in_codebase PASSED       [ 93%]
tests_smoke/test_app_smoke.py::test_mouse_wheel_switches_tabs PASSED     [ 93%]
tests_smoke/test_app_smoke.py::test_escape_closes_search_before_hiding PASSED [ 94%]
tests_smoke/test_app_smoke.py::test_add_category_capped_at_hundred PASSED [ 95%]
tests_smoke/test_app_smoke.py::test_add_category_below_the_cap_is_not_refused_early PASSED [ 96%]
tests_smoke/test_app_smoke.py::test_code_block_background_does_not_hide_text PASSED [ 96%]
tests_smoke/test_app_smoke.py::test_ctrl_click_dash_to_bullet_does_not_crash PASSED [ 97%]
tests_smoke/test_app_smoke.py::test_custom_painted_widgets_follow_active_theme PASSED [ 98%]
tests_smoke/test_app_smoke.py::test_header_bar_and_scrollbars_track_theme PASSED [ 99%]
tests_smoke/test_app_smoke.py::test_every_theme_applies_cleanly PASSED   [100%]

======================= 131 passed in 84.83s (0:01:24) ========================
